2025-07-06 04:40:39,950 - INFO - Starting safe project setup...
2025-07-06 04:40:39,954 - INFO - Creating backup in /home/runner/work/QuantumVestAI_App_Source_Code/QuantumVestAI_App_Source_Code/ai-stock-platform/api/backup_20250706_044039
2025-07-06 04:40:39,955 - INFO - Backed up core/security/tokens.py
2025-07-06 04:40:39,955 - INFO - Backed up core/security/auth.py
2025-07-06 04:40:39,955 - INFO - Backed up core/security/rds.py
2025-07-06 04:40:39,955 - INFO - Backed up core/security/permissions.py
2025-07-06 04:40:39,955 - INFO - Backed up core/security/encryption.py
2025-07-06 04:40:39,956 - INFO - Backed up core/security/__init__.py
2025-07-06 04:40:39,956 - INFO - Backed up core/security/utils.py
2025-07-06 04:40:39,956 - INFO - Backed up db/models/portfolio.py
2025-07-06 04:40:39,956 - INFO - Backed up db/models/associations.py
2025-07-06 04:40:39,957 - INFO - Backed up db/models/watchlist.py
2025-07-06 04:40:39,957 - INFO - Backed up db/models/stock.py
2025-07-06 04:40:39,957 - INFO - Backed up db/models/stock_forecast.py
2025-07-06 04:40:39,957 - INFO - Backed up db/models/watchlist_stock.py
2025-07-06 04:40:39,958 - INFO - Backed up db/models/user_activity_log.py
2025-07-06 04:40:39,958 - INFO - Backed up db/models/user.py
2025-07-06 04:40:39,958 - INFO - Backed up db/models/__init__.py
2025-07-06 04:40:39,958 - INFO - Backed up db/models/whitepaper.py
2025-07-06 04:40:39,958 - INFO - Backed up schemas/reports.py
2025-07-06 04:40:39,959 - INFO - Backed up schemas/sentiment.py
2025-07-06 04:40:39,959 - INFO - Backed up schemas/portfolio.py
2025-07-06 04:40:39,959 - INFO - Backed up schemas/auth.py
2025-07-06 04:40:39,959 - INFO - Backed up schemas/base.py
2025-07-06 04:40:39,959 - INFO - Backed up schemas/watchlist.py
2025-07-06 04:40:39,960 - INFO - Backed up schemas/stock.py
2025-07-06 04:40:39,960 - INFO - Backed up schemas/notification.py
2025-07-06 04:40:39,960 - INFO - Backed up schemas/analytics.py
2025-07-06 04:40:39,960 - INFO - Backed up schemas/risk.py
2025-07-06 04:40:39,961 - INFO - Backed up schemas/ml.py
2025-07-06 04:40:39,961 - INFO - Backed up schemas/whitepaper.py
2025-07-06 04:40:39,961 - INFO - Backed up schemas/alerting.py
2025-07-06 04:40:39,961 - INFO - Backed up schemas/market_data.py
2025-07-06 04:40:39,961 - INFO - Backed up schemas/integration.py
2025-07-06 04:40:39,962 - INFO - Backed up schemas/compliance.py
2025-07-06 04:40:39,962 - INFO - Backed up schemas/backtest.py
2025-07-06 04:40:39,962 - INFO - Backed up schemas/admin.py
2025-07-06 04:40:39,962 - INFO - Backed up schemas/audit.py
2025-07-06 04:40:39,963 - INFO - Backed up routers/reports.py
2025-07-06 04:40:39,963 - INFO - Backed up routers/sentiment.py
2025-07-06 04:40:39,963 - INFO - Backed up routers/portfolio.py
2025-07-06 04:40:39,963 - INFO - Backed up routers/forecast.py
2025-07-06 04:40:39,963 - INFO - Backed up routers/auth.py
2025-07-06 04:40:39,964 - INFO - Backed up routers/watchlist.py
2025-07-06 04:40:39,964 - INFO - Backed up routers/predictions.py
2025-07-06 04:40:39,964 - INFO - Backed up routers/notification.py
2025-07-06 04:40:39,964 - INFO - Backed up routers/websocket.py
2025-07-06 04:40:39,964 - INFO - Backed up routers/analytics.py
2025-07-06 04:40:39,965 - INFO - Backed up routers/users.py
2025-07-06 04:40:39,965 - INFO - Backed up routers/risk.py
2025-07-06 04:40:39,965 - INFO - Backed up routers/stocks.py
2025-07-06 04:40:39,965 - INFO - Backed up routers/orders.py
2025-07-06 04:40:39,966 - INFO - Backed up routers/user.py
2025-07-06 04:40:39,966 - INFO - Backed up routers/ml.py
2025-07-06 04:40:39,966 - INFO - Backed up routers/__init__.py
2025-07-06 04:40:39,966 - INFO - Backed up routers/data.py
2025-07-06 04:40:39,966 - INFO - Backed up routers/whitepaper.py
2025-07-06 04:40:39,967 - INFO - Backed up routers/health.py
2025-07-06 04:40:39,967 - INFO - Backed up routers/alerting.py
2025-07-06 04:40:39,967 - INFO - Backed up routers/integration.py
2025-07-06 04:40:39,967 - INFO - Backed up routers/social.py
2025-07-06 04:40:39,967 - INFO - Backed up routers/compliance.py
2025-07-06 04:40:39,968 - INFO - Backed up routers/backtest.py
2025-07-06 04:40:39,968 - INFO - Backed up routers/admin.py
2025-07-06 04:40:39,968 - INFO - Backed up routers/audit.py
2025-07-06 04:40:39,968 - INFO - Backed up routers/v1/__init__.py
2025-07-06 04:40:39,969 - INFO - Backed up core/config/settings.py
2025-07-06 04:40:39,969 - INFO - Backed up core/config/__init__.py
2025-07-06 04:40:39,969 - INFO - Created directory: /home/runner/work/QuantumVestAI_App_Source_Code/QuantumVestAI_App_Source_Code/ai-stock-platform/api/core/security
2025-07-06 04:40:39,969 - INFO - Created directory: /home/runner/work/QuantumVestAI_App_Source_Code/QuantumVestAI_App_Source_Code/ai-stock-platform/api/db/models
2025-07-06 04:40:39,969 - INFO - Created directory: /home/runner/work/QuantumVestAI_App_Source_Code/QuantumVestAI_App_Source_Code/ai-stock-platform/api/schemas
2025-07-06 04:40:39,969 - INFO - Created directory: /home/runner/work/QuantumVestAI_App_Source_Code/QuantumVestAI_App_Source_Code/ai-stock-platform/api/routers
2025-07-06 04:40:39,969 - INFO - Created directory: /home/runner/work/QuantumVestAI_App_Source_Code/QuantumVestAI_App_Source_Code/ai-stock-platform/api/core/config
2025-07-06 04:40:39,969 - INFO - Created/Updated file: /home/runner/work/QuantumVestAI_App_Source_Code/QuantumVestAI_App_Source_Code/ai-stock-platform/api/core/security/__init__.py
2025-07-06 04:40:39,970 - INFO - Created/Updated file: /home/runner/work/QuantumVestAI_App_Source_Code/QuantumVestAI_App_Source_Code/ai-stock-platform/api/core/security/auth.py
2025-07-06 04:40:39,970 - INFO - Created/Updated file: /home/runner/work/QuantumVestAI_App_Source_Code/QuantumVestAI_App_Source_Code/ai-stock-platform/api/db/__init__.py
2025-07-06 04:40:39,970 - INFO - Created/Updated file: /home/runner/work/QuantumVestAI_App_Source_Code/QuantumVestAI_App_Source_Code/ai-stock-platform/api/schemas/__init__.py
2025-07-06 04:40:39,970 - INFO - Created/Updated file: /home/runner/work/QuantumVestAI_App_Source_Code/QuantumVestAI_App_Source_Code/ai-stock-platform/api/core/config/__init__.py
2025-07-06 04:40:39,970 - INFO - Created/Updated file: /home/runner/work/QuantumVestAI_App_Source_Code/QuantumVestAI_App_Source_Code/ai-stock-platform/api/requirements.txt
2025-07-06 04:40:39,970 - INFO - Project setup completed successfully!
